// Jest Snapshot v1, https://goo.gl/fbAQLP

exports[`Header component should match snapshot 1`] = `
.c1 {
  margin: 0 auto;
  width: 814px;
}

.c0 {
  padding-block-end: 35px;
  padding-block-start: 69px;
}

<div>
  <header
    class="c0"
  >
    <div
      class="c1"
    >
      <h1>
        Battle of Monsters
      </h1>
    </div>
  </header>
</div>
`;
